// Jest Snapshot v1, https://goo.gl/fbAQLP

exports[`Grid component check Grid renders correctly 1`] = `
<DocumentFragment>
  <div
    class="css-1iyoj2o"
  >
    <div
      class="css-o2j9ze"
    >
      <div
        class="css-1azqsv8"
        data-testid="cell_0_0_dead"
      />
      <div
        class="css-10ye2xw"
        data-testid="cell_1_0_alive"
      />
      <div
        class="css-1azqsv8"
        data-testid="cell_2_0_dead"
      />
    </div>
    <div
      class="css-o2j9ze"
    >
      <div
        class="css-10ye2xw"
        data-testid="cell_0_1_alive"
      />
      <div
        class="css-1azqsv8"
        data-testid="cell_1_1_dead"
      />
      <div
        class="css-1azqsv8"
        data-testid="cell_2_1_dead"
      />
    </div>
    <div
      class="css-o2j9ze"
    >
      <div
        class="css-1azqsv8"
        data-testid="cell_0_2_dead"
      />
      <div
        class="css-1azqsv8"
        data-testid="cell_1_2_dead"
      />
      <div
        class="css-10ye2xw"
        data-testid="cell_2_2_alive"
      />
    </div>
  </div>
</DocumentFragment>
`;
